
> forge@0.2.31 build
> next build

 ⚠ Warning: Next.js inferred your workspace root, but it may not be correct.
 We detected multiple lockfiles and selected the directory of C:\Users\kvmuk\package-lock.json as the root directory.
 To silence this warning, set `outputFileTracingRoot` in your Next.js config, or consider removing one of the lockfiles if it's not needed.
   See https://nextjs.org/docs/app/api-reference/config/next-config-js/output#caveats for more information.
 Detected additional lockfiles: 
   * C:\Users\kvmuk\forge\package-lock.json

   ▲ Next.js 15.5.12
   - Environments: .env.local

   Creating an optimized production build ...
 ✓ (serwist) Bundling the service worker script with the URL '/sw.js' and the scope '/'...
 ✓ Compiled successfully in 42s
   Linting and checking validity of types ...

./app/actions/retention.ts
9:55  Warning: 'xpState' is defined but never used.  unused-imports/no-unused-imports

./app/guild/page.tsx
41:6  Warning: React Hook useEffect has a missing dependency: 'myGuild'. Either include it or remove the dependency array.  react-hooks/exhaustive-deps

./components/CoinsManager.tsx
59:6  Warning: React Hook useEffect has a missing dependency: 'selectedUser'. Either include it or remove the dependency array.  react-hooks/exhaustive-deps

./components/DrawingCanvas.tsx
70:6  Warning: React Hook useEffect has a missing dependency: 'redrawCanvas'. Either include it or remove the dependency array.  react-hooks/exhaustive-deps

./components/PartyStatusWidget.tsx
33:6  Warning: React Hook useEffect has a missing dependency: 'myGuild'. Either include it or remove the dependency array.  react-hooks/exhaustive-deps

./components/PomodoroTimer.tsx
113:6  Warning: React Hook useEffect has a missing dependency: 't'. Either include it or remove the dependency array.  react-hooks/exhaustive-deps
138:6  Warning: React Hook useEffect has missing dependencies: 'handleTimerEnd' and 'timeLeft'. Either include them or remove the dependency array.  react-hooks/exhaustive-deps

info  - Need to disable some ESLint rules? Learn more here: https://nextjs.org/docs/app/api-reference/config/eslint#disabling-rules
   Collecting page data ...
   Generating static pages (0/6) ...
   Generating static pages (1/6) 
   Generating static pages (2/6) 
   Generating static pages (4/6) 
 ✓ Generating static pages (6/6)
   Finalizing page optimization ...
   Collecting build traces ...

Route (app)                                 Size  First Load JS
┌ ƒ /                                     120 kB         536 kB
├ ƒ /_not-found                          1.01 kB         105 kB
├ ƒ /.well-known/assetlinks.json           156 B         104 kB
├ ƒ /achievements                        4.22 kB         209 kB
├ ƒ /api/auth/[...nextauth]                156 B         104 kB
├ ƒ /api/avatars/[...path]                 156 B         104 kB
├ ƒ /api/cron/daily                        156 B         104 kB
├ ƒ /api/cron/push                         156 B         104 kB
├ ƒ /api/user/delete                       156 B         104 kB
├ ƒ /calendar                            19.3 kB         263 kB
├ ƒ /coins                               8.29 kB         238 kB
├ ƒ /debug/habits                          513 B         201 kB
├ ƒ /debug/user                            156 B         104 kB
├ ƒ /guild                               7.09 kB         212 kB
├ ƒ /habits                              7.06 kB         406 kB
├ ƒ /league                              6.61 kB         199 kB
├ ƒ /login                               5.26 kB         200 kB
├ ○ /manifest.webmanifest                  156 B         104 kB
├ ƒ /onboarding                          3.05 kB         241 kB
├ ƒ /pet                                 5.31 kB         214 kB
├ ƒ /privacy                               156 B         104 kB
├ ƒ /projects                            5.99 kB         225 kB
├ ƒ /season                              1.56 kB         206 kB
├ ƒ /settings                            5.24 kB         265 kB
├ ƒ /shop                                2.86 kB         208 kB
├ ƒ /skills                              2.02 kB         207 kB
├ ƒ /stats                                3.4 kB         208 kB
├ ƒ /tasks                               4.39 kB         399 kB
└ ƒ /wishlist                            10.8 kB         391 kB
+ First Load JS shared by all             104 kB
  ├ chunks/2968-5e5cd7afb9feca39.js      47.1 kB
  ├ chunks/4bd1b696-100b9d70ed4e49c1.js  54.2 kB
  └ other shared chunks (total)          2.16 kB


ƒ Middleware                             99.4 kB

○  (Static)   prerendered as static content
ƒ  (Dynamic)  server-rendered on demand

